// Jest Snapshot v1, https://goo.gl/fbAQLP

exports[`Character component renders Character 1`] = `
<DocumentFragment>
  <h2>
    Pickle Rick
  </h2>
  <img
    src="http://image.com"
  />
</DocumentFragment>
`;
